Microchip MPLAB XC8 Compiler V3.10

Linker command line:

-W-3 \
  --edf=C:\Program Files\Microchip\xc8\v3.10\pic\dat\20250813170317_en.msgs \
  -cn -h+dist/default/production\Microwave-Oven.X.production.sym \
  --cmf=dist/default/production\Microwave-Oven.X.production.cmf -z \
  -Q16F877A -oC:\Users\VENGAD~1\AppData\Local\Temp\xcAs674.0\driver_tmp_3.o \
  --defsym=__MPLAB_BUILD=1 --fixupoverflow=error \
  -Mdist/default/production/Microwave-Oven.X.production.map \
  --md=C:\Users\VENGAD~1\AppData\Local\Temp\xcAs674.0\driver_tmp_0.dat -E1 \
  -ver=XC8 Compiler -ACODE=00h-07FFhx4 -ASTRCODE=00h-01FFFh \
  -ASTRING=00h-0FFhx32 -ACONST=00h-0FFhx32 -AENTRY=00h-0FFhx32 \
  -ACOMMON=070h-07Fh -ABANK0=020h-06Fh -ABANK1=0A0h-0EFh \
  -ABANK2=0110h-016Fh -ABANK3=0190h-01EFh \
  -ARAM=020h-06Fh,0A0h-0EFh,0110h-016Fh,0190h-01EFh \
  -AABS1=020h-07Fh,0A0h-0EFh,0110h-016Fh,0190h-01EFh -ASFR0=00h-01Fh \
  -ASFR1=080h-09Fh -ASFR2=0100h-010Fh -ASFR3=0180h-018Fh \
  -ACONFIG=02007h-02007h -DCONFIG=2 -AIDLOC=02000h-02003h -DIDLOC=2 \
  -AEEDATA=00h-0FFh/02100h -peeprom_data=EEDATA -DEEDATA=2 -DCODE=2 \
  -DSTRCODE=2 -DSTRING=2 -DCONST=2 -DENTRY=2 \
  -preset_vec=00h,intentry=04h,sivt,init,end_init -ppowerup=CODE \
  -pcinit=CODE -pfunctab=ENTRY -k \
  C:\Users\VENGAD~1\AppData\Local\Temp\xcAs674.0\driver_tmp_12.o \
  dist/default/production\Microwave-Oven.X.production.o 

Object code version is 3.11

Machine type is 16F877A



                Name                               Link     Load   Length Selector   Space Scale
C:\Users\VENGAD~1\AppData\Local\Temp\xcAs674.0\driver_tmp_12.o
                end_init                              E        E        3        8       0
                reset_vec                             0        0        3        0       0
                config                             2007     2007        1        0       4
dist/default/production\Microwave-Oven.X.production.o
                cinit                                11       11       1B        8       0
                intentry                              4        4        A        8       0
                config                             2007     2007        1        0       4
                text21                              EB3      EB3       38     1D66       0
                text20                              421      421       7E        8       0
                text19                              F29      F29       65     1E52       0
                text18                              49F      49F       59        8       0
                text17                              DEA      DEA       15     1BD4       0
                text16                              EEB      EEB       3E     1DD6       0
                text15                              E80      E80       33     1D00       0
                text14                              DC8      DC8        A     1B90       0
                text13                              19C      19C      155        8       0
                text12                              DFF      DFF       15     1BFE       0
                text11                              2F1      2F1      130        8       0
                text10                              76E      76E       7F      BFE       0
                text9                               DD2      DD2        B     1BA4       0
                text8                               7ED      7ED       10      BFE       0
                text7                               DDD      DDD        D     1BBA       0
                text6                               E14      E14       1E     1C28       0
                text5                               F8E      F8E       72     1F1C       0
                text4                               6CA      6CA       A4      BFE       0
                text3                               E32      E32       27     1C64       0
                text2                               E59      E59       27     1CB2       0
                text1                                2C       2C      170        8       0
                maintext                            5FF      5FF       CB      BFE       0
                cstackBANK0                          20       20       19       20       1
                cstackCOMMON                         70       70        8       70       1
                clrtext                             4F8      4F8        8        8       0
                dataBANK0                            4D       4D        2       20       1
                bssBANK0                             39       39       14       20       1
                bssCOMMON                            78       78        2       70       1
                strings                             500      500       FF      A00       0
                idataBANK0                          7FD      7FD        2      BFE       0

TOTAL           Name                               Link     Load   Length     Space
        CLASS   CODE           
                end_init                              E        E        3         0
                cinit                                11       11       1B         0
                intentry                              4        4        A         0
                reset_vec                             0        0        3         0
                text21                              EB3      EB3       38         0
                text20                              421      421       7E         0
                text19                              F29      F29       65         0
                text18                              49F      49F       59         0
                text17                              DEA      DEA       15         0
                text16                              EEB      EEB       3E         0
                text15                              E80      E80       33         0
                text14                              DC8      DC8        A         0
                text13                              19C      19C      155         0
                text12                              DFF      DFF       15         0
                text11                              2F1      2F1      130         0
                text10                              76E      76E       7F         0
                text9                               DD2      DD2        B         0
                text8                               7ED      7ED       10         0
                text7                               DDD      DDD        D         0
                text6                               E14      E14       1E         0
                text5                               F8E      F8E       72         0
                text4                               6CA      6CA       A4         0
                text3                               E32      E32       27         0
                text2                               E59      E59       27         0
                text1                                2C       2C      170         0
                maintext                            5FF      5FF       CB         0
                clrtext                             4F8      4F8        8         0
                idataBANK0                          7FD      7FD        2         0

        CLASS   STRCODE        

        CLASS   STRING         
                strings                             500      500       FF         0

        CLASS   CONST          

        CLASS   ENTRY          

        CLASS   COMMON         
                cstackCOMMON                         70       70        8         1
                bssCOMMON                            78       78        2         1

        CLASS   BANK0          
                cstackBANK0                          20       20       19         1
                dataBANK0                            4D       4D        2         1
                bssBANK0                             39       39       14         1

        CLASS   BANK1          

        CLASS   BANK2          

        CLASS   BANK3          

        CLASS   RAM            

        CLASS   ABS1           
                abs_s1                               7E       7E        2         1

        CLASS   SFR0           

        CLASS   SFR1           

        CLASS   SFR2           

        CLASS   SFR3           

        CLASS   CONFIG         
                config                             2007     2007        1         4

        CLASS   IDLOC          

        CLASS   EEDATA         

        CLASS   HEAP           

        CLASS   STACK          



SEGMENTS        Name                           Load    Length   Top    Selector   Space  Class     Delta

                reset_vec                      000000  000003  000003         0       0  CODE        2
                intentry                       000004  0004FC  000500         8       0  CODE        2
                cstackBANK0                    000020  00002F  00004F        20       1  BANK0       1
                cstackCOMMON                   000070  00000A  00007A        70       1  COMMON      1
                strings                        000500  0000FF  0005FF       A00       0  STRING      2
                maintext                       0005FF  000200  0007FF       BFE       0  CODE        2
                text14                         000DC8  00000A  000DD2      1B90       0  CODE        2
                text9                          000DD2  00000B  000DDD      1BA4       0  CODE        2
                text7                          000DDD  00000D  000DEA      1BBA       0  CODE        2
                text17                         000DEA  000015  000DFF      1BD4       0  CODE        2
                text12                         000DFF  000015  000E14      1BFE       0  CODE        2
                text6                          000E14  00001E  000E32      1C28       0  CODE        2
                text3                          000E32  000027  000E59      1C64       0  CODE        2
                text2                          000E59  000027  000E80      1CB2       0  CODE        2
                text15                         000E80  000033  000EB3      1D00       0  CODE        2
                text21                         000EB3  000038  000EEB      1D66       0  CODE        2
                text16                         000EEB  00003E  000F29      1DD6       0  CODE        2
                text19                         000F29  000065  000F8E      1E52       0  CODE        2
                text5                          000F8E  000072  001000      1F1C       0  CODE        2


UNUSED ADDRESS RANGES

        Name                Unused          Largest block    Delta
        BANK0            004F-006F             21           1
        BANK1            00A0-00EF             50           1
        BANK2            0110-016F             60           1
        BANK3            0190-01EF             60           1
        CODE             0003-0003              1           2
                         07FF-0DC7              1
                         1000-1FFF            800
        COMMON           007A-007D              4           1
        CONST            0003-0003              1           2
                         07FF-0DC7            100
                         1000-1FFF            100
        EEDATA           2100-21FF            100           2
        ENTRY            0003-0003              1           2
                         07FF-0DC7            100
                         1000-1FFF            100
        IDLOC            2000-2003              4           2
        RAM              004F-006F             21           1
                         00A0-00EF             50
                         0110-016F             60
                         0190-01EF             60
        SFR0             0000-001F             20           1
        SFR1             0080-009F             20           1
        SFR2             0100-010F             10           1
        SFR3             0180-018F             10           1
        STRCODE          0003-0003              1           2
                         07FF-0DC7            5C9
                         1000-1FFF           1000
        STRING           0003-0003              1           2
                         07FF-0DC7            100
                         1000-1FFF            100

                                  Symbol Table

?___awdiv                        cstackBANK0  0020
?___awmod                        cstackBANK0  0028
?___lwmod                        cstackCOMMON 0070
?___wmul                         cstackBANK0  002E
_GIE                             (abs)        005F
_Mins                            bssBANK0     004A
_PEIE                            (abs)        005E
_PORTD                           (abs)        0008
_PR2                             (abs)        0092
_RB0                             (abs)        0030
_RB1                             (abs)        0031
_RB2                             (abs)        0032
_RC1                             (abs)        0039
_RC2                             (abs)        003A
_RD0                             (abs)        0040
_RD1                             (abs)        0041
_RD2                             (abs)        0042
_RD3                             (abs)        0043
_RE1                             (abs)        0049
_RE2                             (abs)        004A
_Secs                            bssBANK0     0047
_T2CKPS0                         (abs)        0090
_T2CKPS1                         (abs)        0091
_TMR2IE                          (abs)        0461
_TMR2IF                          (abs)        0061
_TMR2ON                          (abs)        0092
_TRISB                           (abs)        0086
_TRISC1                          (abs)        0439
_TRISC2                          (abs)        043A
_TRISD                           (abs)        0088
_TRISE1                          (abs)        0449
_TRISE2                          (abs)        044A
_Temp                            bssBANK0     0043
__H__absolute__                  __absolute__ 0000
__Habs1                          abs1         0000
__Hbank0                         bank0        0000
__Hbank1                         bank1        0000
__Hbank2                         bank2        0000
__Hbank3                         bank3        0000
__HbssBANK0                      bssBANK0     0000
__HbssCOMMON                     bssCOMMON    0000
__Hcinit                         cinit        002C
__Hclrtext                       clrtext      0000
__Hcode                          code         0000
__Hcommon                        common       0000
__Hconfig                        config       2008
__HcstackBANK0                   cstackBANK0  0000
__HcstackCOMMON                  cstackCOMMON 0000
__HdataBANK0                     dataBANK0    0000
__Heeprom_data                   eeprom_data  0000
__Hend_init                      end_init     0011
__Hfunctab                       functab      0000
__Hheap                          heap         0000
__HidataBANK0                    idataBANK0   0000
__Hinit                          init         000E
__Hintentry                      intentry     000E
__Hmaintext                      maintext     0000
__Hpowerup                       powerup      0000
__Hram                           ram          0000
__Hreset_vec                     reset_vec    0003
__Hsfr0                          sfr0         0000
__Hsfr1                          sfr1         0000
__Hsfr2                          sfr2         0000
__Hsfr3                          sfr3         0000
__Hsivt                          sivt         000E
__Hspace_0                       (abs)        1000
__Hspace_1                       (abs)        007A
__Hspace_2                       (abs)        0000
__Hspace_3                       (abs)        0000
__Hspace_4                       (abs)        400F
__Hstack                         stack        0000
__Hstrings                       strings      0000
__Htext                          text         0000
__L__absolute__                  __absolute__ 0000
__Labs1                          abs1         0000
__Lbank0                         bank0        0000
__Lbank1                         bank1        0000
__Lbank2                         bank2        0000
__Lbank3                         bank3        0000
__LbssBANK0                      bssBANK0     0000
__LbssCOMMON                     bssCOMMON    0000
__Lcinit                         cinit        0011
__Lclrtext                       clrtext      0000
__Lcode                          code         0000
__Lcommon                        common       0000
__Lconfig                        config       0000
__LcstackBANK0                   cstackBANK0  0000
__LcstackCOMMON                  cstackCOMMON 0000
__LdataBANK0                     dataBANK0    0000
__Leeprom_data                   eeprom_data  0000
__Lend_init                      end_init     000E
__Lfunctab                       functab      0000
__Lheap                          heap         0000
__LidataBANK0                    idataBANK0   0000
__Linit                          init         000E
__Lintentry                      intentry     0004
__Lmaintext                      maintext     0000
__Lpowerup                       powerup      0000
__Lram                           ram          0000
__Lreset_vec                     reset_vec    0000
__Lsfr0                          sfr0         0000
__Lsfr1                          sfr1         0000
__Lsfr2                          sfr2         0000
__Lsfr3                          sfr3         0000
__Lsivt                          sivt         000E
__Lspace_0                       (abs)        0000
__Lspace_1                       (abs)        0000
__Lspace_2                       (abs)        0000
__Lspace_3                       (abs)        0000
__Lspace_4                       (abs)        0000
__Lstack                         stack        0000
__Lstrings                       strings      0000
__Ltext                          text         0000
__S0                             (abs)        1000
__S1                             (abs)        007A
__S3                             (abs)        0000
___awdiv                         text19       0F29
___awdiv@counter                 cstackBANK0  0024
___awdiv@dividend                cstackBANK0  0022
___awdiv@divisor                 cstackBANK0  0020
___awdiv@quotient                cstackBANK0  0026
___awdiv@sign                    cstackBANK0  0025
___awmod                         text18       049F
___awmod@counter                 cstackBANK0  002C
___awmod@dividend                cstackBANK0  002A
___awmod@divisor                 cstackBANK0  0028
___awmod@sign                    cstackBANK0  002D
___bmul                          text17       0DEA
___bmul@multiplicand             cstackBANK0  0020
___bmul@multiplier               cstackBANK0  0022
___bmul@product                  cstackBANK0  0021
___heap_hi                       (abs)        0000
___heap_lo                       (abs)        0000
___int_sp                        stack        0000
___int_stack_hi                  stack        0000
___int_stack_lo                  stack        0000
___latbits                       (abs)        0002
___lwmod                         text21       0EB3
___lwmod@counter                 cstackCOMMON 0074
___lwmod@dividend                cstackCOMMON 0072
___lwmod@divisor                 cstackCOMMON 0070
___sp                            stack        0000
___stack_hi                      stack        0000
___stack_lo                      stack        0000
___stackhi                       (abs)        0000
___stacklo                       (abs)        0000
___wmul                          text2        0E59
___wmul@multiplicand             cstackBANK0  0030
___wmul@multiplier               cstackBANK0  002E
___wmul@product                  cstackBANK0  0032
__end_of___awdiv                 text19       0F8E
__end_of___awmod                 text18       04F8
__end_of___bmul                  text17       0DFF
__end_of___lwmod                 text21       0EEB
__end_of___wmul                  text2        0E80
__end_of__initialization         cinit        0028
__end_of__stringtab              strings      0510
__end_of_clcd_print              text15       0EB3
__end_of_clcd_putch              text12       0E14
__end_of_clcd_write              text16       0F29
__end_of_clear_screen            text14       0DD2
__end_of_convection              text13       02F1
__end_of_display_timer           text11       0421
__end_of_init_clcd               text9        0DDD
__end_of_init_config             text6        0E32
__end_of_init_display_controller text10       07ED
__end_of_init_matrix_keypad      text8        07FD
__end_of_init_timer2             text7        0DEA
__end_of_isr                     text20       049F
__end_of_main                    maintext     06CA
__end_of_power_on                text5        1000
__end_of_read_matrix_keypad      text3        0E59
__end_of_scan_keypad             text4        076E
__end_of_set_time                text1        019C
__initialization                 cinit        0011
__pbssBANK0                      bssBANK0     0039
__pbssCOMMON                     bssCOMMON    0078
__pcstackBANK0                   cstackBANK0  0020
__pcstackCOMMON                  cstackCOMMON 0070
__pdataBANK0                     dataBANK0    004D
__pidataBANK0                    idataBANK0   07FD
__pintentry                      intentry     0004
__pmaintext                      maintext     05FF
__pstrings                       strings      0500
__ptext1                         text1        002C
__ptext10                        text10       076E
__ptext11                        text11       02F1
__ptext12                        text12       0DFF
__ptext13                        text13       019C
__ptext14                        text14       0DC8
__ptext15                        text15       0E80
__ptext16                        text16       0EEB
__ptext17                        text17       0DEA
__ptext18                        text18       049F
__ptext19                        text19       0F29
__ptext2                         text2        0E59
__ptext20                        text20       0421
__ptext21                        text21       0EB3
__ptext3                         text3        0E32
__ptext4                         text4        06CA
__ptext5                         text5        0F8E
__ptext6                         text6        0E14
__ptext7                         text7        0DDD
__ptext8                         text8        07ED
__ptext9                         text9        0DD2
__stringbase                     strings      050F
__stringtab                      strings      0500
_blink                           bssBANK0     0042
_blink_pos                       bssBANK0     003F
_clcd_print                      text15       0E80
_clcd_putch                      text12       0DFF
_clcd_write                      text16       0EEB
_clear_screen                    text14       0DC8
_convection                      text13       019C
_countdown_flag                  bssBANK0     0041
_display_timer                   text11       02F1
_init_clcd                       text9        0DD2
_init_config                     text6        0E14
_init_display_controller         text10       076E
_init_matrix_keypad              text8        07ED
_init_timer2                     text7        0DDD
_isr                             text20       0421
_key_count                       bssBANK0     0040
_main                            maintext     05FF
_min                             bssBANK0     0039
_nRBPU                           (abs)        040F
_power_on                        text5        0F8E
_read_matrix_keypad              text3        0E32
_scan_keypad                     text4        06CA
_sec                             bssBANK0     003B
_set_time                        text1        002C
btemp                            (abs)        007E
btemp0                           (abs)        007E
btemp1                           (abs)        007F
clcd_print@addr                  cstackBANK0  0026
clcd_print@str                   cstackBANK0  0024
clcd_putch@addr                  cstackBANK0  0024
clcd_putch@data                  cstackBANK0  0025
clcd_write@byte                  cstackBANK0  0023
clcd_write@mode                  cstackBANK0  0020
clear_ram0                       clrtext      04F8
convection@key                   cstackBANK0  0031
convection@reset_flag            cstackBANK0  002E
convection@set_temp_step         dataBANK0    004D
convection@temp                  bssBANK0     003E
display_timer@key                cstackBANK0  0032
display_timer@pause              bssBANK0     003D
display_timer@reset_flag         cstackBANK0  002E
end_of_initialization            cinit        0028
interrupt_function               intentry     0004
intlevel0                        functab      0000
intlevel1                        functab      0000
intlevel2                        functab      0000
intlevel3                        functab      0000
intlevel4                        functab      0000
intlevel5                        functab      0000
isr@count                        bssCOMMON    0078
ltemp0a                          (abs)        0080
main@key                         cstackBANK0  0038
main@operation_mode              cstackBANK0  0036
main@reset_flag                  cstackBANK0  0037
power_on@i                       cstackBANK0  002A
power_on@i_163                   cstackBANK0  002C
read_matrix_keypad@key           cstackBANK0  0023
read_matrix_keypad@mode          cstackBANK0  0022
read_matrix_keypad@once          dataBANK0    004E
reset_vec                        reset_vec    0000
saved_w                          (abs)        007E
scan_keypad@i                    cstackBANK0  0020
set_time@key                     cstackBANK0  0035
set_time@reset_flag              cstackBANK0  0034
start                            init         000E
start_initialization             cinit        0011
ttemp0a                          (abs)        007F
wtemp0                           (abs)        007E
wtemp0a                          (abs)        007F


MODULE INFORMATION

Module		Function		Class		Link	Load	Size
timers.c
		_init_timer2   		CODE           	0DDD	0000	13

timers.c estimated size: 13

C:\Program Files\Microchip\xc8\v3.10\pic\sources\c99\common\lwmod.c
		___lwmod       		CODE           	0EB3	0000	56

C:\Program Files\Microchip\xc8\v3.10\pic\sources\c99\common\lwmod.c estimated size: 56

C:\Program Files\Microchip\xc8\v3.10\pic\sources\c99\common\awmod.c
		___awmod       		CODE           	049F	0000	89

C:\Program Files\Microchip\xc8\v3.10\pic\sources\c99\common\awmod.c estimated size: 89

matrix_keypad.c
		_init_matrix_keypad		CODE           	07ED	0000	16
		_read_matrix_keypad		CODE           	0E32	0000	39
		_scan_keypad   		CODE           	06CA	0000	164

matrix_keypad.c estimated size: 219

C:\Program Files\Microchip\xc8\v3.10\pic\sources\c99\common\awdiv.c
		___awdiv       		CODE           	0F29	0000	101

C:\Program Files\Microchip\xc8\v3.10\pic\sources\c99\common\awdiv.c estimated size: 101

C:\Program Files\Microchip\xc8\v3.10\pic\sources\c99\common\Umul8.c
		___bmul        		CODE           	0DEA	0000	21

C:\Program Files\Microchip\xc8\v3.10\pic\sources\c99\common\Umul8.c estimated size: 21

isr.c
		_isr           		CODE           	0421	0000	126

isr.c estimated size: 126

shared
		__stringtab    		STRING         	0500	0000	16
		__initialization		CODE           	0011	0000	23

shared estimated size: 39

clcd.c
		_clcd_write    		CODE           	0EEB	0000	62
		_clear_screen  		CODE           	0DC8	0000	10
		_clcd_print    		CODE           	0E80	0000	51
		_clcd_putch    		CODE           	0DFF	0000	21
		_init_display_controller		CODE           	076E	0000	127
		_init_clcd     		CODE           	0DD2	0000	11

clcd.c estimated size: 282

micro_oven.c
		_power_on      		CODE           	0F8E	0000	114
		_display_timer 		CODE           	02F1	0000	304
		_convection    		CODE           	019C	0000	341
		_set_time      		CODE           	002C	0000	368

micro_oven.c estimated size: 1127

main.c
		_main          		CODE           	05FF	0000	203
		_init_config   		CODE           	0E14	0000	30

main.c estimated size: 233

C:\Program Files\Microchip\xc8\v3.10\pic\sources\c99\common\Umul16.c
		___wmul        		CODE           	0E59	0000	39

C:\Program Files\Microchip\xc8\v3.10\pic\sources\c99\common\Umul16.c estimated size: 39

